// Jest Snapshot v1, https://goo.gl/fbAQLP

exports[`NotFoundPage should match snapshot 1`] = `
<body>
  <div>
    <section
      class="MuiBox-root css-xi606m"
    >
      <p
        class="MuiTypography-root MuiTypography-body1 css-ahj2mt-MuiTypography-root"
      >
        Error 404
      </p>
      <p
        class="MuiTypography-root MuiTypography-body1 css-ahj2mt-MuiTypography-root"
      >
        Page not found
      </p>
      <a
        href="/"
      >
        Go to main page
      </a>
    </section>
  </div>
</body>
`;
